== sequential runs ==
  matmul    seq  threads=1  rep=1 time=1.809900s
  matmul    seq  threads=1  rep=2 time=1.835918s
  matmul    seq  threads=1  rep=3 time=1.742072s
  matmul    seq  threads=1  rep=4 time=1.736903s
  matmul    seq  threads=1  rep=5 time=1.730624s
  heat2d    seq  threads=1  rep=1 time=1.526409s
  heat2d    seq  threads=1  rep=2 time=1.529098s
  heat2d    seq  threads=1  rep=3 time=1.527195s
  heat2d    seq  threads=1  rep=4 time=1.497286s
  heat2d    seq  threads=1  rep=5 time=1.521870s
  kmeans    seq  threads=1  rep=1 time=1.424121s
  kmeans    seq  threads=1  rep=2 time=1.424931s
  kmeans    seq  threads=1  rep=3 time=1.424276s
  kmeans    seq  threads=1  rep=4 time=1.429094s
  kmeans    seq  threads=1  rep=5 time=1.423440s
  map       seq  threads=1  rep=1 time=0.355651s
  map       seq  threads=1  rep=2 time=0.358160s
  map       seq  threads=1  rep=3 time=0.362782s
  map       seq  threads=1  rep=4 time=0.381750s
  map       seq  threads=1  rep=5 time=0.384757s
  reduction seq  threads=1  rep=1 time=0.350840s
  reduction seq  threads=1  rep=2 time=0.338139s
  reduction seq  threads=1  rep=3 time=0.351273s
  reduction seq  threads=1  rep=4 time=0.352574s
  reduction seq  threads=1  rep=5 time=0.339500s
  sparselu  seq  threads=1  rep=1 time=0.461472s
  sparselu  seq  threads=1  rep=2 time=0.463008s
  sparselu  seq  threads=1  rep=3 time=0.464623s
  sparselu  seq  threads=1  rep=4 time=0.476659s
  sparselu  seq  threads=1  rep=5 time=0.467476s
  vecmul    seq  threads=1  rep=1 time=0.241423s
  vecmul    seq  threads=1  rep=2 time=0.225197s
  vecmul    seq  threads=1  rep=3 time=0.227355s
  vecmul    seq  threads=1  rep=4 time=0.229899s
  vecmul    seq  threads=1  rep=5 time=0.227508s
== openmp runs (threads pinned: physical P-cores first, then SMT, then E-cores) ==
  matmul    omp  threads=1  rep=1 time=1.867117s
  matmul    omp  threads=1  rep=2 time=1.864098s
  matmul    omp  threads=1  rep=3 time=1.861234s
  matmul    omp  threads=1  rep=4 time=1.858463s
  matmul    omp  threads=1  rep=5 time=1.864360s
  heat2d    omp  threads=1  rep=1 time=1.547308s
  heat2d    omp  threads=1  rep=2 time=1.548741s
  heat2d    omp  threads=1  rep=3 time=1.548235s
  heat2d    omp  threads=1  rep=4 time=1.546738s
  heat2d    omp  threads=1  rep=5 time=1.540419s
  kmeans    omp  threads=1  rep=1 time=1.595739s
  kmeans    omp  threads=1  rep=2 time=1.593868s
  kmeans    omp  threads=1  rep=3 time=1.596744s
  kmeans    omp  threads=1  rep=4 time=1.599266s
  kmeans    omp  threads=1  rep=5 time=1.641135s
  map       omp  threads=1  rep=1 time=0.374044s
  map       omp  threads=1  rep=2 time=0.364586s
  map       omp  threads=1  rep=3 time=0.363367s
  map       omp  threads=1  rep=4 time=0.367187s
  map       omp  threads=1  rep=5 time=0.361543s
  reduction omp  threads=1  rep=1 time=0.361419s
  reduction omp  threads=1  rep=2 time=0.352726s
  reduction omp  threads=1  rep=3 time=0.359601s
  reduction omp  threads=1  rep=4 time=0.369795s
  reduction omp  threads=1  rep=5 time=0.358275s
  sparselu  omp  threads=1  rep=1 time=0.466915s
  sparselu  omp  threads=1  rep=2 time=0.468836s
  sparselu  omp  threads=1  rep=3 time=0.469151s
  sparselu  omp  threads=1  rep=4 time=0.470520s
  sparselu  omp  threads=1  rep=5 time=0.468125s
  vecmul    omp  threads=1  rep=1 time=0.242402s
  vecmul    omp  threads=1  rep=2 time=0.231925s
  vecmul    omp  threads=1  rep=3 time=0.233242s
  vecmul    omp  threads=1  rep=4 time=0.233307s
  vecmul    omp  threads=1  rep=5 time=0.239236s
  matmul    omp  threads=2  rep=1 time=0.941831s
  matmul    omp  threads=2  rep=2 time=1.010924s
  matmul    omp  threads=2  rep=3 time=0.932777s
  matmul    omp  threads=2  rep=4 time=0.931537s
  matmul    omp  threads=2  rep=5 time=0.936581s
  heat2d    omp  threads=2  rep=1 time=1.011665s
  heat2d    omp  threads=2  rep=2 time=1.012503s
  heat2d    omp  threads=2  rep=3 time=1.013816s
  heat2d    omp  threads=2  rep=4 time=1.025571s
  heat2d    omp  threads=2  rep=5 time=1.012736s
  kmeans    omp  threads=2  rep=1 time=1.027447s
  kmeans    omp  threads=2  rep=2 time=0.992056s
  kmeans    omp  threads=2  rep=3 time=1.004878s
  kmeans    omp  threads=2  rep=4 time=1.000430s
  kmeans    omp  threads=2  rep=5 time=1.008384s
  map       omp  threads=2  rep=1 time=0.246306s
  map       omp  threads=2  rep=2 time=0.263346s
  map       omp  threads=2  rep=3 time=0.259192s
  map       omp  threads=2  rep=4 time=0.247834s
  map       omp  threads=2  rep=5 time=0.244080s
  reduction omp  threads=2  rep=1 time=0.278562s
  reduction omp  threads=2  rep=2 time=0.257834s
  reduction omp  threads=2  rep=3 time=0.282868s
  reduction omp  threads=2  rep=4 time=0.258671s
  reduction omp  threads=2  rep=5 time=0.247152s
  sparselu  omp  threads=2  rep=1 time=0.245019s
  sparselu  omp  threads=2  rep=2 time=0.248374s
  sparselu  omp  threads=2  rep=3 time=0.252363s
  sparselu  omp  threads=2  rep=4 time=0.245206s
  sparselu  omp  threads=2  rep=5 time=0.254424s
  vecmul    omp  threads=2  rep=1 time=0.113007s
  vecmul    omp  threads=2  rep=2 time=0.113569s
  vecmul    omp  threads=2  rep=3 time=0.125718s
  vecmul    omp  threads=2  rep=4 time=0.112673s
  vecmul    omp  threads=2  rep=5 time=0.113502s
  matmul    omp  threads=4  rep=1 time=0.527188s
  matmul    omp  threads=4  rep=2 time=0.494548s
  matmul    omp  threads=4  rep=3 time=0.478010s
  matmul    omp  threads=4  rep=4 time=0.469382s
  matmul    omp  threads=4  rep=5 time=0.470430s
  heat2d    omp  threads=4  rep=1 time=0.737760s
  heat2d    omp  threads=4  rep=2 time=0.850577s
  heat2d    omp  threads=4  rep=3 time=0.732053s
  heat2d    omp  threads=4  rep=4 time=0.762008s
  heat2d    omp  threads=4  rep=5 time=0.775142s
  kmeans    omp  threads=4  rep=1 time=0.634670s
  kmeans    omp  threads=4  rep=2 time=0.597559s
  kmeans    omp  threads=4  rep=3 time=0.578613s
  kmeans    omp  threads=4  rep=4 time=0.583741s
  kmeans    omp  threads=4  rep=5 time=0.592344s
  map       omp  threads=4  rep=1 time=0.216160s
  map       omp  threads=4  rep=2 time=0.208022s
  map       omp  threads=4  rep=3 time=0.213854s
  map       omp  threads=4  rep=4 time=0.219067s
  map       omp  threads=4  rep=5 time=0.198468s
  reduction omp  threads=4  rep=1 time=0.200436s
  reduction omp  threads=4  rep=2 time=0.176885s
  reduction omp  threads=4  rep=3 time=0.182002s
  reduction omp  threads=4  rep=4 time=0.208189s
  reduction omp  threads=4  rep=5 time=0.211255s
  sparselu  omp  threads=4  rep=1 time=0.164917s
  sparselu  omp  threads=4  rep=2 time=0.141439s
  sparselu  omp  threads=4  rep=3 time=0.137872s
  sparselu  omp  threads=4  rep=4 time=0.167505s
  sparselu  omp  threads=4  rep=5 time=0.159676s
  vecmul    omp  threads=4  rep=1 time=0.072668s
  vecmul    omp  threads=4  rep=2 time=0.080534s
  vecmul    omp  threads=4  rep=3 time=0.081633s
  vecmul    omp  threads=4  rep=4 time=0.075909s
  vecmul    omp  threads=4  rep=5 time=0.069025s
  matmul    omp  threads=8  rep=1 time=0.400713s
  matmul    omp  threads=8  rep=2 time=0.396025s
  matmul    omp  threads=8  rep=3 time=0.394703s
  matmul    omp  threads=8  rep=4 time=0.433500s
  matmul    omp  threads=8  rep=5 time=0.376860s
  heat2d    omp  threads=8  rep=1 time=0.750776s
  heat2d    omp  threads=8  rep=2 time=0.758490s
  heat2d    omp  threads=8  rep=3 time=0.774822s
  heat2d    omp  threads=8  rep=4 time=0.756450s
  heat2d    omp  threads=8  rep=5 time=0.760438s
  kmeans    omp  threads=8  rep=1 time=0.474197s
  kmeans    omp  threads=8  rep=2 time=0.475134s
  kmeans    omp  threads=8  rep=3 time=0.474163s
  kmeans    omp  threads=8  rep=4 time=0.454140s
  kmeans    omp  threads=8  rep=5 time=0.471442s
  map       omp  threads=8  rep=1 time=0.208145s
  map       omp  threads=8  rep=2 time=0.210768s
  map       omp  threads=8  rep=3 time=0.223489s
  map       omp  threads=8  rep=4 time=0.214897s
  map       omp  threads=8  rep=5 time=0.212222s
  reduction omp  threads=8  rep=1 time=0.186247s
  reduction omp  threads=8  rep=2 time=0.180620s
  reduction omp  threads=8  rep=3 time=0.184251s
  reduction omp  threads=8  rep=4 time=0.178621s
  reduction omp  threads=8  rep=5 time=0.188288s
  sparselu  omp  threads=8  rep=1 time=0.187969s
  sparselu  omp  threads=8  rep=2 time=0.190244s
  sparselu  omp  threads=8  rep=3 time=0.203782s
  sparselu  omp  threads=8  rep=4 time=0.197598s
  sparselu  omp  threads=8  rep=5 time=0.164252s
  vecmul    omp  threads=8  rep=1 time=0.123275s
  vecmul    omp  threads=8  rep=2 time=0.086142s
  vecmul    omp  threads=8  rep=3 time=0.087408s
  vecmul    omp  threads=8  rep=4 time=0.075296s
  vecmul    omp  threads=8  rep=5 time=0.079654s
  matmul    omp  threads=12 rep=1 time=0.373826s
  matmul    omp  threads=12 rep=2 time=0.376835s
  matmul    omp  threads=12 rep=3 time=0.376698s
  matmul    omp  threads=12 rep=4 time=0.380199s
  matmul    omp  threads=12 rep=5 time=0.369681s
  heat2d    omp  threads=12 rep=1 time=0.739023s
  heat2d    omp  threads=12 rep=2 time=0.713453s
  heat2d    omp  threads=12 rep=3 time=0.717541s
  heat2d    omp  threads=12 rep=4 time=0.716739s
  heat2d    omp  threads=12 rep=5 time=0.711217s
  kmeans    omp  threads=12 rep=1 time=0.393859s
  kmeans    omp  threads=12 rep=2 time=0.394384s
  kmeans    omp  threads=12 rep=3 time=0.386050s
  kmeans    omp  threads=12 rep=4 time=0.390360s
  kmeans    omp  threads=12 rep=5 time=0.386724s
  map       omp  threads=12 rep=1 time=0.199167s
  map       omp  threads=12 rep=2 time=0.211994s
  map       omp  threads=12 rep=3 time=0.201953s
  map       omp  threads=12 rep=4 time=0.204764s
  map       omp  threads=12 rep=5 time=0.202792s
  reduction omp  threads=12 rep=1 time=0.178297s
  reduction omp  threads=12 rep=2 time=0.173791s
  reduction omp  threads=12 rep=3 time=0.175978s
  reduction omp  threads=12 rep=4 time=0.175263s
  reduction omp  threads=12 rep=5 time=0.170390s
  sparselu  omp  threads=12 rep=1 time=0.186354s
  sparselu  omp  threads=12 rep=2 time=0.202945s
  sparselu  omp  threads=12 rep=3 time=0.208917s
  sparselu  omp  threads=12 rep=4 time=0.255679s
  sparselu  omp  threads=12 rep=5 time=0.228194s
  vecmul    omp  threads=12 rep=1 time=0.136788s
  vecmul    omp  threads=12 rep=2 time=0.144699s
  vecmul    omp  threads=12 rep=3 time=0.143241s
  vecmul    omp  threads=12 rep=4 time=0.141040s
  vecmul    omp  threads=12 rep=5 time=0.144864s
  matmul    omp  threads=16 rep=1 time=0.323130s
  matmul    omp  threads=16 rep=2 time=0.345788s
  matmul    omp  threads=16 rep=3 time=0.337283s
  matmul    omp  threads=16 rep=4 time=0.356649s
  matmul    omp  threads=16 rep=5 time=0.346013s
  heat2d    omp  threads=16 rep=1 time=0.751094s
  heat2d    omp  threads=16 rep=2 time=0.754798s
  heat2d    omp  threads=16 rep=3 time=0.749488s
  heat2d    omp  threads=16 rep=4 time=0.766961s
  heat2d    omp  threads=16 rep=5 time=0.755193s
  kmeans    omp  threads=16 rep=1 time=0.338954s
  kmeans    omp  threads=16 rep=2 time=0.332689s
  kmeans    omp  threads=16 rep=3 time=0.348830s
  kmeans    omp  threads=16 rep=4 time=0.333165s
  kmeans    omp  threads=16 rep=5 time=0.339336s
  map       omp  threads=16 rep=1 time=0.202691s
  map       omp  threads=16 rep=2 time=0.203839s
  map       omp  threads=16 rep=3 time=0.199314s
  map       omp  threads=16 rep=4 time=0.202368s
  map       omp  threads=16 rep=5 time=0.216828s
  reduction omp  threads=16 rep=1 time=0.175047s
  reduction omp  threads=16 rep=2 time=0.176844s
  reduction omp  threads=16 rep=3 time=0.181352s
  reduction omp  threads=16 rep=4 time=0.174870s
  reduction omp  threads=16 rep=5 time=0.177347s
  sparselu  omp  threads=16 rep=1 time=0.157086s
  sparselu  omp  threads=16 rep=2 time=0.195174s
  sparselu  omp  threads=16 rep=3 time=0.259070s
  sparselu  omp  threads=16 rep=4 time=0.228698s
  sparselu  omp  threads=16 rep=5 time=0.256218s
  vecmul    omp  threads=16 rep=1 time=0.221994s
  vecmul    omp  threads=16 rep=2 time=0.212059s
  vecmul    omp  threads=16 rep=3 time=0.211195s
  vecmul    omp  threads=16 rep=4 time=0.197002s
  vecmul    omp  threads=16 rep=5 time=0.189914s
results written to results/timings.csv
